// Jest Snapshot v1, https://goo.gl/fbAQLP

exports[`ReactJsonRender should return correct result 1`] = `
Object {
  "children": Array [
    "testing",
    Object {
      "children": Array [
        "Test Hello World!",
      ],
      "props": Object {},
      "type": "h1",
    },
  ],
  "props": Object {
    "width": "100px",
  },
  "type": "div",
}
`;
